Downloading https://services.gradle.org/distributions/gradle-8.14-bin.zip
.............10%.............20%.............30%.............40%.............50%.............60%.............70%.............80%.............90%..............100%

Welcome to Gradle 8.14!

Here are the highlights of this release:
 - Java 24 support
 - GraalVM Native Image toolchain selection
 - Enhancements to test reporting
 - Build Authoring improvements

For more details see https://docs.gradle.org/8.14/release-notes.html

To honour the JVM settings for this build a single-use Daemon process will be forked. For more on this, please refer to https://docs.gradle.org/8.14/userguide/gradle_daemon.html#sec:disabling_the_daemon in the Gradle documentation.
Daemon will be stopped at the end of the build 
> Task :app:preBuild UP-TO-DATE
> Task :app:preDebugBuild UP-TO-DATE
> Task :app:checkKotlinGradlePluginConfigurationErrors SKIPPED
> Task :app:dataBindingMergeDependencyArtifactsDebug
> Task :app:debugOssDependencyTask
> Task :app:debugOssLicensesTask
> Task :app:generateDebugResValues
> Task :app:generateDebugResources
> Task :app:mergeDebugResources
> Task :app:packageDebugResources
> Task :app:processDebugNavigationResources
> Task :app:generateDebugBuildConfig
> Task :app:checkDebugAarMetadata
> Task :app:parseDebugLocalResources
> Task :app:compileDebugNavigationResources
> Task :app:dataBindingGenBaseClassesDebug
> Task :app:mapDebugSourceSetPaths
> Task :app:createDebugCompatibleScreenManifests
> Task :app:extractDeepLinksDebug

> Task :app:processDebugMainManifest
/home/runner/work/JemmaPass/JemmaPass/JemmaPassAndroidDemo/app/src/main/AndroidManifest.xml:165:9-168:35 Warning:
	provider#com.google.firebase.provider.FirebaseInitProvider was tagged at AndroidManifest.xml:165 to remove other declarations but no other declaration present

> Task :app:processDebugManifest
> Task :app:preDebugUnitTestBuild UP-TO-DATE
> Task :app:processDebugManifestForPackage
> Task :app:javaPreCompileDebug
> Task :app:javaPreCompileDebugUnitTest
> Task :app:mergeDebugNativeDebugMetadata NO-SOURCE
> Task :app:mergeDebugShaders
> Task :app:compileDebugShaders NO-SOURCE
> Task :app:generateDebugAssets UP-TO-DATE
> Task :app:mergeDebugAssets
> Task :app:compressDebugAssets
> Task :app:processDebugResources
> Task :app:checkDebugDuplicateClasses
> Task :app:desugarDebugFileDependencies
> Task :app:kspDebugKotlin
> Task :app:mergeExtDexDebug
> Task :app:mergeLibDexDebug
> Task :app:mergeDebugJniLibFolders
> Task :app:mergeDebugNativeLibs
> Task :app:validateSigningDebug
> Task :app:writeDebugAppMetadata
> Task :app:writeDebugSigningConfigVersions

> Task :app:stripDebugDebugSymbols
Unable to strip the following libraries, packaging them as they are: libLiteRt.so, libLiteRtClGlAccelerator.so, libandroidx.graphics.path.so, libbarhopper_v3.so, libimage_processing_util_jni.so, liblitertlm_jni.so, libsqlite3x.so, libsurface_util_jni.so, libtensorflowlite_jni_gms_client.so. Run with --info option to learn more.

> Task :app:compileDebugKotlin
w: file:///home/runner/work/JemmaPass/JemmaPass/JemmaPassAndroidDemo/app/src/main/java/be/heyman/android/jemmapassdemo/ai/assistant/VulgariseRepository.kt:20:5 This annotation is currently applied to the value parameter only, but in the future it will also be applied to property.
- To opt in to applying to both value parameter and property, add '-Xannotation-default-target=param-property' to your compiler arguments.
- To keep applying to the value parameter only, use the '@param:' annotation target.

See https://youtrack.jetbrains.com/issue/KT-73255 for more details.
w: file:///home/runner/work/JemmaPass/JemmaPass/JemmaPassAndroidDemo/app/src/main/java/be/heyman/android/jemmapassdemo/ai/assistant/VulgariseRepository.kt:21:5 This annotation is currently applied to the value parameter only, but in the future it will also be applied to property.
- To opt in to applying to both value parameter and property, add '-Xannotation-default-target=param-property' to your compiler arguments.
- To keep applying to the value parameter only, use the '@param:' annotation target.

See https://youtrack.jetbrains.com/issue/KT-73255 for more details.
w: file:///home/runner/work/JemmaPass/JemmaPass/JemmaPassAndroidDemo/app/src/main/java/be/heyman/android/jemmapassdemo/ai/assistant/VulgariseRepository.kt:22:5 This annotation is currently applied to the value parameter only, but in the future it will also be applied to property.
- To opt in to applying to both value parameter and property, add '-Xannotation-default-target=param-property' to your compiler arguments.
- To keep applying to the value parameter only, use the '@param:' annotation target.

See https://youtrack.jetbrains.com/issue/KT-73255 for more details.
w: file:///home/runner/work/JemmaPass/JemmaPass/JemmaPassAndroidDemo/app/src/main/java/be/heyman/android/jemmapassdemo/ai/assistant/VulgariseRepository.kt:23:5 This annotation is currently applied to the value parameter only, but in the future it will also be applied to property.
- To opt in to applying to both value parameter and property, add '-Xannotation-default-target=param-property' to your compiler arguments.
- To keep applying to the value parameter only, use the '@param:' annotation target.

See https://youtrack.jetbrains.com/issue/KT-73255 for more details.
w: file:///home/runner/work/JemmaPass/JemmaPass/JemmaPassAndroidDemo/app/src/main/java/be/heyman/android/jemmapassdemo/ai/assistant/VulgariseRepository.kt:28:5 This annotation is currently applied to the value parameter only, but in the future it will also be applied to field.
- To opt in to applying to both value parameter and field, add '-Xannotation-default-target=param-property' to your compiler arguments.
- To keep applying to the value parameter only, use the '@param:' annotation target.

See https://youtrack.jetbrains.com/issue/KT-73255 for more details.
w: file:///home/runner/work/JemmaPass/JemmaPass/JemmaPassAndroidDemo/app/src/main/java/be/heyman/android/jemmapassdemo/ai/audio/JemmaAudioRecorder.kt:55:5 This annotation is currently applied to the value parameter only, but in the future it will also be applied to field.
- To opt in to applying to both value parameter and field, add '-Xannotation-default-target=param-property' to your compiler arguments.
- To keep applying to the value parameter only, use the '@param:' annotation target.

See https://youtrack.jetbrains.com/issue/KT-73255 for more details.
w: file:///home/runner/work/JemmaPass/JemmaPass/JemmaPassAndroidDemo/app/src/main/java/be/heyman/android/jemmapassdemo/ai/gemma/GemmaSession.kt:69:5 This annotation is currently applied to the value parameter only, but in the future it will also be applied to field.
- To opt in to applying to both value parameter and field, add '-Xannotation-default-target=param-property' to your compiler arguments.
- To keep applying to the value parameter only, use the '@param:' annotation target.

See https://youtrack.jetbrains.com/issue/KT-73255 for more details.
w: file:///home/runner/work/JemmaPass/JemmaPass/JemmaPassAndroidDemo/app/src/main/java/be/heyman/android/jemmapassdemo/ai/livescan/TtsStaticVerdict.kt:52:5 This annotation is currently applied to the value parameter only, but in the future it will also be applied to field.
- To opt in to applying to both value parameter and field, add '-Xannotation-default-target=param-property' to your compiler arguments.
- To keep applying to the value parameter only, use the '@param:' annotation target.

See https://youtrack.jetbrains.com/issue/KT-73255 for more details.
w: file:///home/runner/work/JemmaPass/JemmaPass/JemmaPassAndroidDemo/app/src/main/java/be/heyman/android/jemmapassdemo/ai/medscan/MedScanController.kt:97:5 This annotation is currently applied to the value parameter only, but in the future it will also be applied to field.
- To opt in to applying to both value parameter and field, add '-Xannotation-default-target=param-property' to your compiler arguments.
- To keep applying to the value parameter only, use the '@param:' annotation target.

See https://youtrack.jetbrains.com/issue/KT-73255 for more details.
w: file:///home/runner/work/JemmaPass/JemmaPass/JemmaPassAndroidDemo/app/src/main/java/be/heyman/android/jemmapassdemo/ai/ocr/OcrModule.kt:93:5 This annotation is currently applied to the value parameter only, but in the future it will also be applied to field.
- To opt in to applying to both value parameter and field, add '-Xannotation-default-target=param-property' to your compiler arguments.
- To keep applying to the value parameter only, use the '@param:' annotation target.

See https://youtrack.jetbrains.com/issue/KT-73255 for more details.
w: file:///home/runner/work/JemmaPass/JemmaPass/JemmaPassAndroidDemo/app/src/main/java/be/heyman/android/jemmapassdemo/ai/stt/JemmaSttService.kt:45:5 This annotation is currently applied to the value parameter only, but in the future it will also be applied to field.
- To opt in to applying to both value parameter and field, add '-Xannotation-default-target=param-property' to your compiler arguments.
- To keep applying to the value parameter only, use the '@param:' annotation target.

See https://youtrack.jetbrains.com/issue/KT-73255 for more details.
w: file:///home/runner/work/JemmaPass/JemmaPass/JemmaPassAndroidDemo/app/src/main/java/be/heyman/android/jemmapassdemo/ai/tts/JemmaTtsService.kt:59:5 This annotation is currently applied to the value parameter only, but in the future it will also be applied to field.
- To opt in to applying to both value parameter and field, add '-Xannotation-default-target=param-property' to your compiler arguments.
- To keep applying to the value parameter only, use the '@param:' annotation target.

See https://youtrack.jetbrains.com/issue/KT-73255 for more details.
w: file:///home/runner/work/JemmaPass/JemmaPass/JemmaPassAndroidDemo/app/src/main/java/be/heyman/android/jemmapassdemo/downloads/JemmaDownloadStorage.kt:37:5 This annotation is currently applied to the value parameter only, but in the future it will also be applied to field.
- To opt in to applying to both value parameter and field, add '-Xannotation-default-target=param-property' to your compiler arguments.
- To keep applying to the value parameter only, use the '@param:' annotation target.

See https://youtrack.jetbrains.com/issue/KT-73255 for more details.
w: file:///home/runner/work/JemmaPass/JemmaPass/JemmaPassAndroidDemo/app/src/main/java/be/heyman/android/jemmapassdemo/kb/JemmaProfileHydrator.kt:712:42 Unnecessary safe call on a non-null receiver of type 'String'.
w: file:///home/runner/work/JemmaPass/JemmaPass/JemmaPassAndroidDemo/app/src/main/java/be/heyman/android/jemmapassdemo/kb/JemmaProfileHydrator.kt:726:72 Unnecessary non-null assertion (!!) on a non-null receiver of type 'String'.
w: file:///home/runner/work/JemmaPass/JemmaPass/JemmaPassAndroidDemo/app/src/main/java/be/heyman/android/jemmapassdemo/kb/KnowledgeBaseManager.kt:114:5 This annotation is currently applied to the value parameter only, but in the future it will also be applied to field.
- To opt in to applying to both value parameter and field, add '-Xannotation-default-target=param-property' to your compiler arguments.
- To keep applying to the value parameter only, use the '@param:' annotation target.

See https://youtrack.jetbrains.com/issue/KT-73255 for more details.
w: file:///home/runner/work/JemmaPass/JemmaPass/JemmaPassAndroidDemo/app/src/main/java/be/heyman/android/jemmapassdemo/mesh/relay/RelayManager.kt:313:17 Condition is always 'false'.
w: file:///home/runner/work/JemmaPass/JemmaPass/JemmaPassAndroidDemo/app/src/main/java/be/heyman/android/jemmapassdemo/pillars/IpsTranslationsRepository.kt:75:5 This annotation is currently applied to the value parameter only, but in the future it will also be applied to field.
- To opt in to applying to both value parameter and field, add '-Xannotation-default-target=param-property' to your compiler arguments.
- To keep applying to the value parameter only, use the '@param:' annotation target.

See https://youtrack.jetbrains.com/issue/KT-73255 for more details.
w: file:///home/runner/work/JemmaPass/JemmaPass/JemmaPassAndroidDemo/app/src/main/java/be/heyman/android/jemmapassdemo/pillars/PillarMetadata.kt:44:5 This annotation is currently applied to the value parameter only, but in the future it will also be applied to field.
- To opt in to applying to both value parameter and field, add '-Xannotation-default-target=param-property' to your compiler arguments.
- To keep applying to the value parameter only, use the '@param:' annotation target.

See https://youtrack.jetbrains.com/issue/KT-73255 for more details.
w: file:///home/runner/work/JemmaPass/JemmaPass/JemmaPassAndroidDemo/app/src/main/java/be/heyman/android/jemmapassdemo/pillars/PillarMetadata.kt:45:5 This annotation is currently applied to the value parameter only, but in the future it will also be applied to field.
- To opt in to applying to both value parameter and field, add '-Xannotation-default-target=param-property' to your compiler arguments.
- To keep applying to the value parameter only, use the '@param:' annotation target.

See https://youtrack.jetbrains.com/issue/KT-73255 for more details.
w: file:///home/runner/work/JemmaPass/JemmaPass/JemmaPassAndroidDemo/app/src/main/java/be/heyman/android/jemmapassdemo/pillars/PillarMetadata.kt:57:5 This annotation is currently applied to the value parameter only, but in the future it will also be applied to field.
- To opt in to applying to both value parameter and field, add '-Xannotation-default-target=param-property' to your compiler arguments.
- To keep applying to the value parameter only, use the '@param:' annotation target.

See https://youtrack.jetbrains.com/issue/KT-73255 for more details.
w: file:///home/runner/work/JemmaPass/JemmaPass/JemmaPassAndroidDemo/app/src/main/java/be/heyman/android/jemmapassdemo/pillars/PillarMetadata.kt:58:5 This annotation is currently applied to the value parameter only, but in the future it will also be applied to field.
- To opt in to applying to both value parameter and field, add '-Xannotation-default-target=param-property' to your compiler arguments.
- To keep applying to the value parameter only, use the '@param:' annotation target.

See https://youtrack.jetbrains.com/issue/KT-73255 for more details.
w: file:///home/runner/work/JemmaPass/JemmaPass/JemmaPassAndroidDemo/app/src/main/java/be/heyman/android/jemmapassdemo/pillars/PillarMetadata.kt:59:5 This annotation is currently applied to the value parameter only, but in the future it will also be applied to field.
- To opt in to applying to both value parameter and field, add '-Xannotation-default-target=param-property' to your compiler arguments.
- To keep applying to the value parameter only, use the '@param:' annotation target.

See https://youtrack.jetbrains.com/issue/KT-73255 for more details.
w: file:///home/runner/work/JemmaPass/JemmaPass/JemmaPassAndroidDemo/app/src/main/java/be/heyman/android/jemmapassdemo/profiles/ProfilesRepository.kt:118:5 This annotation is currently applied to the value parameter only, but in the future it will also be applied to field.
- To opt in to applying to both value parameter and field, add '-Xannotation-default-target=param-property' to your compiler arguments.
- To keep applying to the value parameter only, use the '@param:' annotation target.

See https://youtrack.jetbrains.com/issue/KT-73255 for more details.
w: file:///home/runner/work/JemmaPass/JemmaPass/JemmaPassAndroidDemo/app/src/main/java/be/heyman/android/jemmapassdemo/profiles/ProfilesRepository.kt:186:28 This is a delicate API and its use requires care. Make sure you fully read and understand documentation of the declaration that is marked as a delicate API.
w: file:///home/runner/work/JemmaPass/JemmaPass/JemmaPassAndroidDemo/app/src/main/java/be/heyman/android/jemmapassdemo/qr/JemmaProfileJ.kt:45:5 This annotation is currently applied to the value parameter only, but in the future it will also be applied to property.
- To opt in to applying to both value parameter and property, add '-Xannotation-default-target=param-property' to your compiler arguments.
- To keep applying to the value parameter only, use the '@param:' annotation target.

See https://youtrack.jetbrains.com/issue/KT-73255 for more details.
w: file:///home/runner/work/JemmaPass/JemmaPass/JemmaPassAndroidDemo/app/src/main/java/be/heyman/android/jemmapassdemo/qr/JemmaProfileJ.kt:48:5 This annotation is currently applied to the value parameter only, but in the future it will also be applied to property.
- To opt in to applying to both value parameter and property, add '-Xannotation-default-target=param-property' to your compiler arguments.
- To keep applying to the value parameter only, use the '@param:' annotation target.

See https://youtrack.jetbrains.com/issue/KT-73255 for more details.
w: file:///home/runner/work/JemmaPass/JemmaPass/JemmaPassAndroidDemo/app/src/main/java/be/heyman/android/jemmapassdemo/qr/JemmaProfileJ.kt:51:5 This annotation is currently applied to the value parameter only, but in the future it will also be applied to property.
- To opt in to applying to both value parameter and property, add '-Xannotation-default-target=param-property' to your compiler arguments.
- To keep applying to the value parameter only, use the '@param:' annotation target.

See https://youtrack.jetbrains.com/issue/KT-73255 for more details.
w: file:///home/runner/work/JemmaPass/JemmaPass/JemmaPassAndroidDemo/app/src/main/java/be/heyman/android/jemmapassdemo/qr/JemmaProfileJ.kt:54:5 This annotation is currently applied to the value parameter only, but in the future it will also be applied to property.
- To opt in to applying to both value parameter and property, add '-Xannotation-default-target=param-property' to your compiler arguments.
- To keep applying to the value parameter only, use the '@param:' annotation target.

See https://youtrack.jetbrains.com/issue/KT-73255 for more details.
w: file:///home/runner/work/JemmaPass/JemmaPass/JemmaPassAndroidDemo/app/src/main/java/be/heyman/android/jemmapassdemo/qr/JemmaProfileJ.kt:57:5 This annotation is currently applied to the value parameter only, but in the future it will also be applied to property.
- To opt in to applying to both value parameter and property, add '-Xannotation-default-target=param-property' to your compiler arguments.
- To keep applying to the value parameter only, use the '@param:' annotation target.

See https://youtrack.jetbrains.com/issue/KT-73255 for more details.
w: file:///home/runner/work/JemmaPass/JemmaPass/JemmaPassAndroidDemo/app/src/main/java/be/heyman/android/jemmapassdemo/qr/JemmaProfileJ.kt:60:5 This annotation is currently applied to the value parameter only, but in the future it will also be applied to property.
- To opt in to applying to both value parameter and property, add '-Xannotation-default-target=param-property' to your compiler arguments.
- To keep applying to the value parameter only, use the '@param:' annotation target.

See https://youtrack.jetbrains.com/issue/KT-73255 for more details.
w: file:///home/runner/work/JemmaPass/JemmaPass/JemmaPassAndroidDemo/app/src/main/java/be/heyman/android/jemmapassdemo/qr/JemmaProfileJ.kt:63:5 This annotation is currently applied to the value parameter only, but in the future it will also be applied to property.
- To opt in to applying to both value parameter and property, add '-Xannotation-default-target=param-property' to your compiler arguments.
- To keep applying to the value parameter only, use the '@param:' annotation target.

See https://youtrack.jetbrains.com/issue/KT-73255 for more details.
w: file:///home/runner/work/JemmaPass/JemmaPass/JemmaPassAndroidDemo/app/src/main/java/be/heyman/android/jemmapassdemo/qr/JemmaProfileJ.kt:66:5 This annotation is currently applied to the value parameter only, but in the future it will also be applied to property.
- To opt in to applying to both value parameter and property, add '-Xannotation-default-target=param-property' to your compiler arguments.
- To keep applying to the value parameter only, use the '@param:' annotation target.

See https://youtrack.jetbrains.com/issue/KT-73255 for more details.
w: file:///home/runner/work/JemmaPass/JemmaPass/JemmaPassAndroidDemo/app/src/main/java/be/heyman/android/jemmapassdemo/qr/JemmaProfileJ.kt:69:5 This annotation is currently applied to the value parameter only, but in the future it will also be applied to property.
- To opt in to applying to both value parameter and property, add '-Xannotation-default-target=param-property' to your compiler arguments.
- To keep applying to the value parameter only, use the '@param:' annotation target.

See https://youtrack.jetbrains.com/issue/KT-73255 for more details.
w: file:///home/runner/work/JemmaPass/JemmaPass/JemmaPassAndroidDemo/app/src/main/java/be/heyman/android/jemmapassdemo/qr/JemmaProfileJ.kt:72:5 This annotation is currently applied to the value parameter only, but in the future it will also be applied to property.
- To opt in to applying to both value parameter and property, add '-Xannotation-default-target=param-property' to your compiler arguments.
- To keep applying to the value parameter only, use the '@param:' annotation target.

See https://youtrack.jetbrains.com/issue/KT-73255 for more details.
w: file:///home/runner/work/JemmaPass/JemmaPass/JemmaPassAndroidDemo/app/src/main/java/be/heyman/android/jemmapassdemo/qr/JemmaProfileJ.kt:75:5 This annotation is currently applied to the value parameter only, but in the future it will also be applied to property.
- To opt in to applying to both value parameter and property, add '-Xannotation-default-target=param-property' to your compiler arguments.
- To keep applying to the value parameter only, use the '@param:' annotation target.

See https://youtrack.jetbrains.com/issue/KT-73255 for more details.
w: file:///home/runner/work/JemmaPass/JemmaPass/JemmaPassAndroidDemo/app/src/main/java/be/heyman/android/jemmapassdemo/qr/JemmaProfileJ.kt:78:5 This annotation is currently applied to the value parameter only, but in the future it will also be applied to property.
- To opt in to applying to both value parameter and property, add '-Xannotation-default-target=param-property' to your compiler arguments.
- To keep applying to the value parameter only, use the '@param:' annotation target.

See https://youtrack.jetbrains.com/issue/KT-73255 for more details.
w: file:///home/runner/work/JemmaPass/JemmaPass/JemmaPassAndroidDemo/app/src/main/java/be/heyman/android/jemmapassdemo/qr/JemmaProfileJ.kt:81:5 This annotation is currently applied to the value parameter only, but in the future it will also be applied to property.
- To opt in to applying to both value parameter and property, add '-Xannotation-default-target=param-property' to your compiler arguments.
- To keep applying to the value parameter only, use the '@param:' annotation target.

See https://youtrack.jetbrains.com/issue/KT-73255 for more details.
w: file:///home/runner/work/JemmaPass/JemmaPass/JemmaPassAndroidDemo/app/src/main/java/be/heyman/android/jemmapassdemo/qr/JemmaProfileJ.kt:84:5 This annotation is currently applied to the value parameter only, but in the future it will also be applied to property.
- To opt in to applying to both value parameter and property, add '-Xannotation-default-target=param-property' to your compiler arguments.
- To keep applying to the value parameter only, use the '@param:' annotation target.

See https://youtrack.jetbrains.com/issue/KT-73255 for more details.
w: file:///home/runner/work/JemmaPass/JemmaPass/JemmaPassAndroidDemo/app/src/main/java/be/heyman/android/jemmapassdemo/qr/JemmaProfileJ.kt:87:5 This annotation is currently applied to the value parameter only, but in the future it will also be applied to property.
- To opt in to applying to both value parameter and property, add '-Xannotation-default-target=param-property' to your compiler arguments.
- To keep applying to the value parameter only, use the '@param:' annotation target.

See https://youtrack.jetbrains.com/issue/KT-73255 for more details.
w: file:///home/runner/work/JemmaPass/JemmaPass/JemmaPassAndroidDemo/app/src/main/java/be/heyman/android/jemmapassdemo/qr/JemmaProfileJ.kt:90:5 This annotation is currently applied to the value parameter only, but in the future it will also be applied to property.
- To opt in to applying to both value parameter and property, add '-Xannotation-default-target=param-property' to your compiler arguments.
- To keep applying to the value parameter only, use the '@param:' annotation target.

See https://youtrack.jetbrains.com/issue/KT-73255 for more details.
w: file:///home/runner/work/JemmaPass/JemmaPass/JemmaPassAndroidDemo/app/src/main/java/be/heyman/android/jemmapassdemo/qr/JemmaProfileJ.kt:93:5 This annotation is currently applied to the value parameter only, but in the future it will also be applied to property.
- To opt in to applying to both value parameter and property, add '-Xannotation-default-target=param-property' to your compiler arguments.
- To keep applying to the value parameter only, use the '@param:' annotation target.

See https://youtrack.jetbrains.com/issue/KT-73255 for more details.
w: file:///home/runner/work/JemmaPass/JemmaPass/JemmaPassAndroidDemo/app/src/main/java/be/heyman/android/jemmapassdemo/qr/JemmaProfileJ.kt:96:5 This annotation is currently applied to the value parameter only, but in the future it will also be applied to property.
- To opt in to applying to both value parameter and property, add '-Xannotation-default-target=param-property' to your compiler arguments.
- To keep applying to the value parameter only, use the '@param:' annotation target.

See https://youtrack.jetbrains.com/issue/KT-73255 for more details.
w: file:///home/runner/work/JemmaPass/JemmaPass/JemmaPassAndroidDemo/app/src/main/java/be/heyman/android/jemmapassdemo/qr/JemmaProfileJ.kt:102:5 This annotation is currently applied to the value parameter only, but in the future it will also be applied to property.
- To opt in to applying to both value parameter and property, add '-Xannotation-default-target=param-property' to your compiler arguments.
- To keep applying to the value parameter only, use the '@param:' annotation target.

See https://youtrack.jetbrains.com/issue/KT-73255 for more details.
w: file:///home/runner/work/JemmaPass/JemmaPass/JemmaPassAndroidDemo/app/src/main/java/be/heyman/android/jemmapassdemo/qr/JemmaProfileJ.kt:111:5 This annotation is currently applied to the value parameter only, but in the future it will also be applied to property.
- To opt in to applying to both value parameter and property, add '-Xannotation-default-target=param-property' to your compiler arguments.
- To keep applying to the value parameter only, use the '@param:' annotation target.

See https://youtrack.jetbrains.com/issue/KT-73255 for more details.
w: file:///home/runner/work/JemmaPass/JemmaPass/JemmaPassAndroidDemo/app/src/main/java/be/heyman/android/jemmapassdemo/qr/JemmaProfileJ.kt:113:5 This annotation is currently applied to the value parameter only, but in the future it will also be applied to property.
- To opt in to applying to both value parameter and property, add '-Xannotation-default-target=param-property' to your compiler arguments.
- To keep applying to the value parameter only, use the '@param:' annotation target.

See https://youtrack.jetbrains.com/issue/KT-73255 for more details.
w: file:///home/runner/work/JemmaPass/JemmaPass/JemmaPassAndroidDemo/app/src/main/java/be/heyman/android/jemmapassdemo/qr/JemmaProfileJ.kt:115:5 This annotation is currently applied to the value parameter only, but in the future it will also be applied to property.
- To opt in to applying to both value parameter and property, add '-Xannotation-default-target=param-property' to your compiler arguments.
- To keep applying to the value parameter only, use the '@param:' annotation target.

See https://youtrack.jetbrains.com/issue/KT-73255 for more details.
w: file:///home/runner/work/JemmaPass/JemmaPass/JemmaPassAndroidDemo/app/src/main/java/be/heyman/android/jemmapassdemo/qr/JemmaProfileJ.kt:117:5 This annotation is currently applied to the value parameter only, but in the future it will also be applied to property.
- To opt in to applying to both value parameter and property, add '-Xannotation-default-target=param-property' to your compiler arguments.
- To keep applying to the value parameter only, use the '@param:' annotation target.

See https://youtrack.jetbrains.com/issue/KT-73255 for more details.
w: file:///home/runner/work/JemmaPass/JemmaPass/JemmaPassAndroidDemo/app/src/main/java/be/heyman/android/jemmapassdemo/qr/JemmaProfileJ.kt:119:5 This annotation is currently applied to the value parameter only, but in the future it will also be applied to property.
- To opt in to applying to both value parameter and property, add '-Xannotation-default-target=param-property' to your compiler arguments.
- To keep applying to the value parameter only, use the '@param:' annotation target.

See https://youtrack.jetbrains.com/issue/KT-73255 for more details.
w: file:///home/runner/work/JemmaPass/JemmaPass/JemmaPassAndroidDemo/app/src/main/java/be/heyman/android/jemmapassdemo/qr/JemmaProfileJ.kt:121:5 This annotation is currently applied to the value parameter only, but in the future it will also be applied to property.
- To opt in to applying to both value parameter and property, add '-Xannotation-default-target=param-property' to your compiler arguments.
- To keep applying to the value parameter only, use the '@param:' annotation target.

See https://youtrack.jetbrains.com/issue/KT-73255 for more details.
w: file:///home/runner/work/JemmaPass/JemmaPass/JemmaPassAndroidDemo/app/src/main/java/be/heyman/android/jemmapassdemo/qr/JemmaProfileJ.kt:128:5 This annotation is currently applied to the value parameter only, but in the future it will also be applied to property.
- To opt in to applying to both value parameter and property, add '-Xannotation-default-target=param-property' to your compiler arguments.
- To keep applying to the value parameter only, use the '@param:' annotation target.

See https://youtrack.jetbrains.com/issue/KT-73255 for more details.
w: file:///home/runner/work/JemmaPass/JemmaPass/JemmaPassAndroidDemo/app/src/main/java/be/heyman/android/jemmapassdemo/qr/JemmaProfileJ.kt:133:5 This annotation is currently applied to the value parameter only, but in the future it will also be applied to property.
- To opt in to applying to both value parameter and property, add '-Xannotation-default-target=param-property' to your compiler arguments.
- To keep applying to the value parameter only, use the '@param:' annotation target.

See https://youtrack.jetbrains.com/issue/KT-73255 for more details.
w: file:///home/runner/work/JemmaPass/JemmaPass/JemmaPassAndroidDemo/app/src/main/java/be/heyman/android/jemmapassdemo/qr/JemmaProfileJ.kt:138:5 This annotation is currently applied to the value parameter only, but in the future it will also be applied to property.
- To opt in to applying to both value parameter and property, add '-Xannotation-default-target=param-property' to your compiler arguments.
- To keep applying to the value parameter only, use the '@param:' annotation target.

See https://youtrack.jetbrains.com/issue/KT-73255 for more details.
w: file:///home/runner/work/JemmaPass/JemmaPass/JemmaPassAndroidDemo/app/src/main/java/be/heyman/android/jemmapassdemo/qr/JemmaProfileJ.kt:144:5 This annotation is currently applied to the value parameter only, but in the future it will also be applied to property.
- To opt in to applying to both value parameter and property, add '-Xannotation-default-target=param-property' to your compiler arguments.
- To keep applying to the value parameter only, use the '@param:' annotation target.

See https://youtrack.jetbrains.com/issue/KT-73255 for more details.
w: file:///home/runner/work/JemmaPass/JemmaPass/JemmaPassAndroidDemo/app/src/main/java/be/heyman/android/jemmapassdemo/qr/JemmaProfileJ.kt:148:5 This annotation is currently applied to the value parameter only, but in the future it will also be applied to property.
- To opt in to applying to both value parameter and property, add '-Xannotation-default-target=param-property' to your compiler arguments.
- To keep applying to the value parameter only, use the '@param:' annotation target.

See https://youtrack.jetbrains.com/issue/KT-73255 for more details.
w: file:///home/runner/work/JemmaPass/JemmaPass/JemmaPassAndroidDemo/app/src/main/java/be/heyman/android/jemmapassdemo/qr/JemmaProfileJ.kt:150:5 This annotation is currently applied to the value parameter only, but in the future it will also be applied to property.
- To opt in to applying to both value parameter and property, add '-Xannotation-default-target=param-property' to your compiler arguments.
- To keep applying to the value parameter only, use the '@param:' annotation target.

See https://youtrack.jetbrains.com/issue/KT-73255 for more details.
w: file:///home/runner/work/JemmaPass/JemmaPass/JemmaPassAndroidDemo/app/src/main/java/be/heyman/android/jemmapassdemo/qr/JemmaProfileJ.kt:152:5 This annotation is currently applied to the value parameter only, but in the future it will also be applied to property.
- To opt in to applying to both value parameter and property, add '-Xannotation-default-target=param-property' to your compiler arguments.
- To keep applying to the value parameter only, use the '@param:' annotation target.

See https://youtrack.jetbrains.com/issue/KT-73255 for more details.
w: file:///home/runner/work/JemmaPass/JemmaPass/JemmaPassAndroidDemo/app/src/main/java/be/heyman/android/jemmapassdemo/qr/JemmaProfileJ.kt:154:5 This annotation is currently applied to the value parameter only, but in the future it will also be applied to property.
- To opt in to applying to both value parameter and property, add '-Xannotation-default-target=param-property' to your compiler arguments.
- To keep applying to the value parameter only, use the '@param:' annotation target.

See https://youtrack.jetbrains.com/issue/KT-73255 for more details.
w: file:///home/runner/work/JemmaPass/JemmaPass/JemmaPassAndroidDemo/app/src/main/java/be/heyman/android/jemmapassdemo/qr/JemmaProfileJ.kt:156:5 This annotation is currently applied to the value parameter only, but in the future it will also be applied to property.
- To opt in to applying to both value parameter and property, add '-Xannotation-default-target=param-property' to your compiler arguments.
- To keep applying to the value parameter only, use the '@param:' annotation target.

See https://youtrack.jetbrains.com/issue/KT-73255 for more details.
w: file:///home/runner/work/JemmaPass/JemmaPass/JemmaPassAndroidDemo/app/src/main/java/be/heyman/android/jemmapassdemo/qr/JemmaProfileJ.kt:159:5 This annotation is currently applied to the value parameter only, but in the future it will also be applied to property.
- To opt in to applying to both value parameter and property, add '-Xannotation-default-target=param-property' to your compiler arguments.
- To keep applying to the value parameter only, use the '@param:' annotation target.

See https://youtrack.jetbrains.com/issue/KT-73255 for more details.
w: file:///home/runner/work/JemmaPass/JemmaPass/JemmaPassAndroidDemo/app/src/main/java/be/heyman/android/jemmapassdemo/qr/JemmaProfileJ.kt:168:5 This annotation is currently applied to the value parameter only, but in the future it will also be applied to property.
- To opt in to applying to both value parameter and property, add '-Xannotation-default-target=param-property' to your compiler arguments.
- To keep applying to the value parameter only, use the '@param:' annotation target.

See https://youtrack.jetbrains.com/issue/KT-73255 for more details.
w: file:///home/runner/work/JemmaPass/JemmaPass/JemmaPassAndroidDemo/app/src/main/java/be/heyman/android/jemmapassdemo/qr/JemmaProfileJ.kt:170:5 This annotation is currently applied to the value parameter only, but in the future it will also be applied to property.
- To opt in to applying to both value parameter and property, add '-Xannotation-default-target=param-property' to your compiler arguments.
- To keep applying to the value parameter only, use the '@param:' annotation target.

See https://youtrack.jetbrains.com/issue/KT-73255 for more details.
w: file:///home/runner/work/JemmaPass/JemmaPass/JemmaPassAndroidDemo/app/src/main/java/be/heyman/android/jemmapassdemo/qr/JemmaProfileJ.kt:172:5 This annotation is currently applied to the value parameter only, but in the future it will also be applied to property.
- To opt in to applying to both value parameter and property, add '-Xannotation-default-target=param-property' to your compiler arguments.
- To keep applying to the value parameter only, use the '@param:' annotation target.

See https://youtrack.jetbrains.com/issue/KT-73255 for more details.
w: file:///home/runner/work/JemmaPass/JemmaPass/JemmaPassAndroidDemo/app/src/main/java/be/heyman/android/jemmapassdemo/qr/JemmaProfileJ.kt:174:5 This annotation is currently applied to the value parameter only, but in the future it will also be applied to property.
- To opt in to applying to both value parameter and property, add '-Xannotation-default-target=param-property' to your compiler arguments.
- To keep applying to the value parameter only, use the '@param:' annotation target.

See https://youtrack.jetbrains.com/issue/KT-73255 for more details.
w: file:///home/runner/work/JemmaPass/JemmaPass/JemmaPassAndroidDemo/app/src/main/java/be/heyman/android/jemmapassdemo/qr/JemmaProfileJ.kt:176:5 This annotation is currently applied to the value parameter only, but in the future it will also be applied to property.
- To opt in to applying to both value parameter and property, add '-Xannotation-default-target=param-property' to your compiler arguments.
- To keep applying to the value parameter only, use the '@param:' annotation target.

See https://youtrack.jetbrains.com/issue/KT-73255 for more details.
w: file:///home/runner/work/JemmaPass/JemmaPass/JemmaPassAndroidDemo/app/src/main/java/be/heyman/android/jemmapassdemo/qr/JemmaProfileJ.kt:191:5 This annotation is currently applied to the value parameter only, but in the future it will also be applied to property.
- To opt in to applying to both value parameter and property, add '-Xannotation-default-target=param-property' to your compiler arguments.
- To keep applying to the value parameter only, use the '@param:' annotation target.

See https://youtrack.jetbrains.com/issue/KT-73255 for more details.
w: file:///home/runner/work/JemmaPass/JemmaPass/JemmaPassAndroidDemo/app/src/main/java/be/heyman/android/jemmapassdemo/qr/JemmaProfileJ.kt:193:5 This annotation is currently applied to the value parameter only, but in the future it will also be applied to property.
- To opt in to applying to both value parameter and property, add '-Xannotation-default-target=param-property' to your compiler arguments.
- To keep applying to the value parameter only, use the '@param:' annotation target.

See https://youtrack.jetbrains.com/issue/KT-73255 for more details.
w: file:///home/runner/work/JemmaPass/JemmaPass/JemmaPassAndroidDemo/app/src/main/java/be/heyman/android/jemmapassdemo/qr/JemmaProfileJ.kt:204:5 This annotation is currently applied to the value parameter only, but in the future it will also be applied to property.
- To opt in to applying to both value parameter and property, add '-Xannotation-default-target=param-property' to your compiler arguments.
- To keep applying to the value parameter only, use the '@param:' annotation target.

See https://youtrack.jetbrains.com/issue/KT-73255 for more details.
w: file:///home/runner/work/JemmaPass/JemmaPass/JemmaPassAndroidDemo/app/src/main/java/be/heyman/android/jemmapassdemo/qr/JemmaProfileJ.kt:206:5 This annotation is currently applied to the value parameter only, but in the future it will also be applied to property.
- To opt in to applying to both value parameter and property, add '-Xannotation-default-target=param-property' to your compiler arguments.
- To keep applying to the value parameter only, use the '@param:' annotation target.

See https://youtrack.jetbrains.com/issue/KT-73255 for more details.
w: file:///home/runner/work/JemmaPass/JemmaPass/JemmaPassAndroidDemo/app/src/main/java/be/heyman/android/jemmapassdemo/qr/JemmaProfileJ.kt:208:5 This annotation is currently applied to the value parameter only, but in the future it will also be applied to property.
- To opt in to applying to both value parameter and property, add '-Xannotation-default-target=param-property' to your compiler arguments.
- To keep applying to the value parameter only, use the '@param:' annotation target.

See https://youtrack.jetbrains.com/issue/KT-73255 for more details.
w: file:///home/runner/work/JemmaPass/JemmaPass/JemmaPassAndroidDemo/app/src/main/java/be/heyman/android/jemmapassdemo/qr/JemmaProfileJ.kt:210:5 This annotation is currently applied to the value parameter only, but in the future it will also be applied to property.
- To opt in to applying to both value parameter and property, add '-Xannotation-default-target=param-property' to your compiler arguments.
- To keep applying to the value parameter only, use the '@param:' annotation target.

See https://youtrack.jetbrains.com/issue/KT-73255 for more details.
w: file:///home/runner/work/JemmaPass/JemmaPass/JemmaPassAndroidDemo/app/src/main/java/be/heyman/android/jemmapassdemo/qr/JemmaProfileJ.kt:212:5 This annotation is currently applied to the value parameter only, but in the future it will also be applied to property.
- To opt in to applying to both value parameter and property, add '-Xannotation-default-target=param-property' to your compiler arguments.
- To keep applying to the value parameter only, use the '@param:' annotation target.

See https://youtrack.jetbrains.com/issue/KT-73255 for more details.
w: file:///home/runner/work/JemmaPass/JemmaPass/JemmaPassAndroidDemo/app/src/main/java/be/heyman/android/jemmapassdemo/qr/JemmaProfileJ.kt:214:5 This annotation is currently applied to the value parameter only, but in the future it will also be applied to property.
- To opt in to applying to both value parameter and property, add '-Xannotation-default-target=param-property' to your compiler arguments.
- To keep applying to the value parameter only, use the '@param:' annotation target.

See https://youtrack.jetbrains.com/issue/KT-73255 for more details.
w: file:///home/runner/work/JemmaPass/JemmaPass/JemmaPassAndroidDemo/app/src/main/java/be/heyman/android/jemmapassdemo/qr/JemmaProfileJ.kt:227:5 This annotation is currently applied to the value parameter only, but in the future it will also be applied to property.
- To opt in to applying to both value parameter and property, add '-Xannotation-default-target=param-property' to your compiler arguments.
- To keep applying to the value parameter only, use the '@param:' annotation target.

See https://youtrack.jetbrains.com/issue/KT-73255 for more details.
w: file:///home/runner/work/JemmaPass/JemmaPass/JemmaPassAndroidDemo/app/src/main/java/be/heyman/android/jemmapassdemo/qr/JemmaProfileJ.kt:229:5 This annotation is currently applied to the value parameter only, but in the future it will also be applied to property.
- To opt in to applying to both value parameter and property, add '-Xannotation-default-target=param-property' to your compiler arguments.
- To keep applying to the value parameter only, use the '@param:' annotation target.

See https://youtrack.jetbrains.com/issue/KT-73255 for more details.
w: file:///home/runner/work/JemmaPass/JemmaPass/JemmaPassAndroidDemo/app/src/main/java/be/heyman/android/jemmapassdemo/qr/JemmaProfileJ.kt:231:5 This annotation is currently applied to the value parameter only, but in the future it will also be applied to property.
- To opt in to applying to both value parameter and property, add '-Xannotation-default-target=param-property' to your compiler arguments.
- To keep applying to the value parameter only, use the '@param:' annotation target.

See https://youtrack.jetbrains.com/issue/KT-73255 for more details.
w: file:///home/runner/work/JemmaPass/JemmaPass/JemmaPassAndroidDemo/app/src/main/java/be/heyman/android/jemmapassdemo/qr/JemmaProfileJ.kt:242:5 This annotation is currently applied to the value parameter only, but in the future it will also be applied to property.
- To opt in to applying to both value parameter and property, add '-Xannotation-default-target=param-property' to your compiler arguments.
- To keep applying to the value parameter only, use the '@param:' annotation target.

See https://youtrack.jetbrains.com/issue/KT-73255 for more details.
w: file:///home/runner/work/JemmaPass/JemmaPass/JemmaPassAndroidDemo/app/src/main/java/be/heyman/android/jemmapassdemo/qr/JemmaProfileJ.kt:244:5 This annotation is currently applied to the value parameter only, but in the future it will also be applied to property.
- To opt in to applying to both value parameter and property, add '-Xannotation-default-target=param-property' to your compiler arguments.
- To keep applying to the value parameter only, use the '@param:' annotation target.

See https://youtrack.jetbrains.com/issue/KT-73255 for more details.
w: file:///home/runner/work/JemmaPass/JemmaPass/JemmaPassAndroidDemo/app/src/main/java/be/heyman/android/jemmapassdemo/qr/JemmaProfileJ.kt:246:5 This annotation is currently applied to the value parameter only, but in the future it will also be applied to property.
- To opt in to applying to both value parameter and property, add '-Xannotation-default-target=param-property' to your compiler arguments.
- To keep applying to the value parameter only, use the '@param:' annotation target.

See https://youtrack.jetbrains.com/issue/KT-73255 for more details.
w: file:///home/runner/work/JemmaPass/JemmaPass/JemmaPassAndroidDemo/app/src/main/java/be/heyman/android/jemmapassdemo/qr/JemmaProfileJ.kt:248:5 This annotation is currently applied to the value parameter only, but in the future it will also be applied to property.
- To opt in to applying to both value parameter and property, add '-Xannotation-default-target=param-property' to your compiler arguments.
- To keep applying to the value parameter only, use the '@param:' annotation target.

See https://youtrack.jetbrains.com/issue/KT-73255 for more details.
w: file:///home/runner/work/JemmaPass/JemmaPass/JemmaPassAndroidDemo/app/src/main/java/be/heyman/android/jemmapassdemo/qr/JemmaProfileJ.kt:257:5 This annotation is currently applied to the value parameter only, but in the future it will also be applied to property.
- To opt in to applying to both value parameter and property, add '-Xannotation-default-target=param-property' to your compiler arguments.
- To keep applying to the value parameter only, use the '@param:' annotation target.

See https://youtrack.jetbrains.com/issue/KT-73255 for more details.
w: file:///home/runner/work/JemmaPass/JemmaPass/JemmaPassAndroidDemo/app/src/main/java/be/heyman/android/jemmapassdemo/qr/JemmaProfileJ.kt:259:5 This annotation is currently applied to the value parameter only, but in the future it will also be applied to property.
- To opt in to applying to both value parameter and property, add '-Xannotation-default-target=param-property' to your compiler arguments.
- To keep applying to the value parameter only, use the '@param:' annotation target.

See https://youtrack.jetbrains.com/issue/KT-73255 for more details.
w: file:///home/runner/work/JemmaPass/JemmaPass/JemmaPassAndroidDemo/app/src/main/java/be/heyman/android/jemmapassdemo/qr/JemmaProfileJ.kt:261:5 This annotation is currently applied to the value parameter only, but in the future it will also be applied to property.
- To opt in to applying to both value parameter and property, add '-Xannotation-default-target=param-property' to your compiler arguments.
- To keep applying to the value parameter only, use the '@param:' annotation target.

See https://youtrack.jetbrains.com/issue/KT-73255 for more details.
w: file:///home/runner/work/JemmaPass/JemmaPass/JemmaPassAndroidDemo/app/src/main/java/be/heyman/android/jemmapassdemo/qr/JemmaProfileJ.kt:263:5 This annotation is currently applied to the value parameter only, but in the future it will also be applied to property.
- To opt in to applying to both value parameter and property, add '-Xannotation-default-target=param-property' to your compiler arguments.
- To keep applying to the value parameter only, use the '@param:' annotation target.

See https://youtrack.jetbrains.com/issue/KT-73255 for more details.
w: file:///home/runner/work/JemmaPass/JemmaPass/JemmaPassAndroidDemo/app/src/main/java/be/heyman/android/jemmapassdemo/qr/JemmaProfileJ.kt:265:5 This annotation is currently applied to the value parameter only, but in the future it will also be applied to property.
- To opt in to applying to both value parameter and property, add '-Xannotation-default-target=param-property' to your compiler arguments.
- To keep applying to the value parameter only, use the '@param:' annotation target.

See https://youtrack.jetbrains.com/issue/KT-73255 for more details.
w: file:///home/runner/work/JemmaPass/JemmaPass/JemmaPassAndroidDemo/app/src/main/java/be/heyman/android/jemmapassdemo/qr/JemmaProfileJ.kt:267:5 This annotation is currently applied to the value parameter only, but in the future it will also be applied to property.
- To opt in to applying to both value parameter and property, add '-Xannotation-default-target=param-property' to your compiler arguments.
- To keep applying to the value parameter only, use the '@param:' annotation target.

See https://youtrack.jetbrains.com/issue/KT-73255 for more details.
w: file:///home/runner/work/JemmaPass/JemmaPass/JemmaPassAndroidDemo/app/src/main/java/be/heyman/android/jemmapassdemo/qr/JemmaProfileJ.kt:270:5 This annotation is currently applied to the value parameter only, but in the future it will also be applied to property.
- To opt in to applying to both value parameter and property, add '-Xannotation-default-target=param-property' to your compiler arguments.
- To keep applying to the value parameter only, use the '@param:' annotation target.

See https://youtrack.jetbrains.com/issue/KT-73255 for more details.
w: file:///home/runner/work/JemmaPass/JemmaPass/JemmaPassAndroidDemo/app/src/main/java/be/heyman/android/jemmapassdemo/qr/JemmaProfileJ.kt:272:5 This annotation is currently applied to the value parameter only, but in the future it will also be applied to property.
- To opt in to applying to both value parameter and property, add '-Xannotation-default-target=param-property' to your compiler arguments.
- To keep applying to the value parameter only, use the '@param:' annotation target.

See https://youtrack.jetbrains.com/issue/KT-73255 for more details.
w: file:///home/runner/work/JemmaPass/JemmaPass/JemmaPassAndroidDemo/app/src/main/java/be/heyman/android/jemmapassdemo/qr/JemmaProfileJ.kt:274:5 This annotation is currently applied to the value parameter only, but in the future it will also be applied to property.
- To opt in to applying to both value parameter and property, add '-Xannotation-default-target=param-property' to your compiler arguments.
- To keep applying to the value parameter only, use the '@param:' annotation target.

See https://youtrack.jetbrains.com/issue/KT-73255 for more details.
w: file:///home/runner/work/JemmaPass/JemmaPass/JemmaPassAndroidDemo/app/src/main/java/be/heyman/android/jemmapassdemo/qr/JemmaProfileJ.kt:276:5 This annotation is currently applied to the value parameter only, but in the future it will also be applied to property.
- To opt in to applying to both value parameter and property, add '-Xannotation-default-target=param-property' to your compiler arguments.
- To keep applying to the value parameter only, use the '@param:' annotation target.

See https://youtrack.jetbrains.com/issue/KT-73255 for more details.
w: file:///home/runner/work/JemmaPass/JemmaPass/JemmaPassAndroidDemo/app/src/main/java/be/heyman/android/jemmapassdemo/qr/JemmaProfileJ.kt:278:5 This annotation is currently applied to the value parameter only, but in the future it will also be applied to property.
- To opt in to applying to both value parameter and property, add '-Xannotation-default-target=param-property' to your compiler arguments.
- To keep applying to the value parameter only, use the '@param:' annotation target.

See https://youtrack.jetbrains.com/issue/KT-73255 for more details.
w: file:///home/runner/work/JemmaPass/JemmaPass/JemmaPassAndroidDemo/app/src/main/java/be/heyman/android/jemmapassdemo/qr/JemmaProfileJ.kt:287:5 This annotation is currently applied to the value parameter only, but in the future it will also be applied to property.
- To opt in to applying to both value parameter and property, add '-Xannotation-default-target=param-property' to your compiler arguments.
- To keep applying to the value parameter only, use the '@param:' annotation target.

See https://youtrack.jetbrains.com/issue/KT-73255 for more details.
w: file:///home/runner/work/JemmaPass/JemmaPass/JemmaPassAndroidDemo/app/src/main/java/be/heyman/android/jemmapassdemo/qr/JemmaProfileJ.kt:289:5 This annotation is currently applied to the value parameter only, but in the future it will also be applied to property.
- To opt in to applying to both value parameter and property, add '-Xannotation-default-target=param-property' to your compiler arguments.
- To keep applying to the value parameter only, use the '@param:' annotation target.

See https://youtrack.jetbrains.com/issue/KT-73255 for more details.
w: file:///home/runner/work/JemmaPass/JemmaPass/JemmaPassAndroidDemo/app/src/main/java/be/heyman/android/jemmapassdemo/qr/JemmaProfileJ.kt:291:5 This annotation is currently applied to the value parameter only, but in the future it will also be applied to property.
- To opt in to applying to both value parameter and property, add '-Xannotation-default-target=param-property' to your compiler arguments.
- To keep applying to the value parameter only, use the '@param:' annotation target.

See https://youtrack.jetbrains.com/issue/KT-73255 for more details.
w: file:///home/runner/work/JemmaPass/JemmaPass/JemmaPassAndroidDemo/app/src/main/java/be/heyman/android/jemmapassdemo/qr/JemmaProfileJ.kt:293:5 This annotation is currently applied to the value parameter only, but in the future it will also be applied to property.
- To opt in to applying to both value parameter and property, add '-Xannotation-default-target=param-property' to your compiler arguments.
- To keep applying to the value parameter only, use the '@param:' annotation target.

See https://youtrack.jetbrains.com/issue/KT-73255 for more details.
w: file:///home/runner/work/JemmaPass/JemmaPass/JemmaPassAndroidDemo/app/src/main/java/be/heyman/android/jemmapassdemo/qr/JemmaProfileJ.kt:295:5 This annotation is currently applied to the value parameter only, but in the future it will also be applied to property.
- To opt in to applying to both value parameter and property, add '-Xannotation-default-target=param-property' to your compiler arguments.
- To keep applying to the value parameter only, use the '@param:' annotation target.

See https://youtrack.jetbrains.com/issue/KT-73255 for more details.
w: file:///home/runner/work/JemmaPass/JemmaPass/JemmaPassAndroidDemo/app/src/main/java/be/heyman/android/jemmapassdemo/qr/JemmaProfileJ.kt:297:5 This annotation is currently applied to the value parameter only, but in the future it will also be applied to property.
- To opt in to applying to both value parameter and property, add '-Xannotation-default-target=param-property' to your compiler arguments.
- To keep applying to the value parameter only, use the '@param:' annotation target.

See https://youtrack.jetbrains.com/issue/KT-73255 for more details.
w: file:///home/runner/work/JemmaPass/JemmaPass/JemmaPassAndroidDemo/app/src/main/java/be/heyman/android/jemmapassdemo/qr/JemmaProfileJ.kt:299:5 This annotation is currently applied to the value parameter only, but in the future it will also be applied to property.
- To opt in to applying to both value parameter and property, add '-Xannotation-default-target=param-property' to your compiler arguments.
- To keep applying to the value parameter only, use the '@param:' annotation target.

See https://youtrack.jetbrains.com/issue/KT-73255 for more details.
w: file:///home/runner/work/JemmaPass/JemmaPass/JemmaPassAndroidDemo/app/src/main/java/be/heyman/android/jemmapassdemo/qr/JemmaProfileJ.kt:301:5 This annotation is currently applied to the value parameter only, but in the future it will also be applied to property.
- To opt in to applying to both value parameter and property, add '-Xannotation-default-target=param-property' to your compiler arguments.
- To keep applying to the value parameter only, use the '@param:' annotation target.

See https://youtrack.jetbrains.com/issue/KT-73255 for more details.
w: file:///home/runner/work/JemmaPass/JemmaPass/JemmaPassAndroidDemo/app/src/main/java/be/heyman/android/jemmapassdemo/qr/JemmaProfileJ.kt:304:5 This annotation is currently applied to the value parameter only, but in the future it will also be applied to property.
- To opt in to applying to both value parameter and property, add '-Xannotation-default-target=param-property' to your compiler arguments.
- To keep applying to the value parameter only, use the '@param:' annotation target.

See https://youtrack.jetbrains.com/issue/KT-73255 for more details.
w: file:///home/runner/work/JemmaPass/JemmaPass/JemmaPassAndroidDemo/app/src/main/java/be/heyman/android/jemmapassdemo/qr/JemmaProfileJ.kt:310:5 This annotation is currently applied to the value parameter only, but in the future it will also be applied to property.
- To opt in to applying to both value parameter and property, add '-Xannotation-default-target=param-property' to your compiler arguments.
- To keep applying to the value parameter only, use the '@param:' annotation target.

See https://youtrack.jetbrains.com/issue/KT-73255 for more details.
w: file:///home/runner/work/JemmaPass/JemmaPass/JemmaPassAndroidDemo/app/src/main/java/be/heyman/android/jemmapassdemo/qr/JemmaProfileJ.kt:315:5 This annotation is currently applied to the value parameter only, but in the future it will also be applied to property.
- To opt in to applying to both value parameter and property, add '-Xannotation-default-target=param-property' to your compiler arguments.
- To keep applying to the value parameter only, use the '@param:' annotation target.

See https://youtrack.jetbrains.com/issue/KT-73255 for more details.
w: file:///home/runner/work/JemmaPass/JemmaPass/JemmaPassAndroidDemo/app/src/main/java/be/heyman/android/jemmapassdemo/qr/JemmaProfileJ.kt:322:5 This annotation is currently applied to the value parameter only, but in the future it will also be applied to property.
- To opt in to applying to both value parameter and property, add '-Xannotation-default-target=param-property' to your compiler arguments.
- To keep applying to the value parameter only, use the '@param:' annotation target.

See https://youtrack.jetbrains.com/issue/KT-73255 for more details.
w: file:///home/runner/work/JemmaPass/JemmaPass/JemmaPassAndroidDemo/app/src/main/java/be/heyman/android/jemmapassdemo/qr/JemmaProfileJ.kt:330:5 This annotation is currently applied to the value parameter only, but in the future it will also be applied to property.
- To opt in to applying to both value parameter and property, add '-Xannotation-default-target=param-property' to your compiler arguments.
- To keep applying to the value parameter only, use the '@param:' annotation target.

See https://youtrack.jetbrains.com/issue/KT-73255 for more details.
w: file:///home/runner/work/JemmaPass/JemmaPass/JemmaPassAndroidDemo/app/src/main/java/be/heyman/android/jemmapassdemo/qr/JemmaProfileJ.kt:331:5 This annotation is currently applied to the value parameter only, but in the future it will also be applied to property.
- To opt in to applying to both value parameter and property, add '-Xannotation-default-target=param-property' to your compiler arguments.
- To keep applying to the value parameter only, use the '@param:' annotation target.

See https://youtrack.jetbrains.com/issue/KT-73255 for more details.
w: file:///home/runner/work/JemmaPass/JemmaPass/JemmaPassAndroidDemo/app/src/main/java/be/heyman/android/jemmapassdemo/qr/JemmaProfileJ.kt:332:5 This annotation is currently applied to the value parameter only, but in the future it will also be applied to property.
- To opt in to applying to both value parameter and property, add '-Xannotation-default-target=param-property' to your compiler arguments.
- To keep applying to the value parameter only, use the '@param:' annotation target.

See https://youtrack.jetbrains.com/issue/KT-73255 for more details.
w: file:///home/runner/work/JemmaPass/JemmaPass/JemmaPassAndroidDemo/app/src/main/java/be/heyman/android/jemmapassdemo/qr/JemmaProfileJ.kt:333:5 This annotation is currently applied to the value parameter only, but in the future it will also be applied to property.
- To opt in to applying to both value parameter and property, add '-Xannotation-default-target=param-property' to your compiler arguments.
- To keep applying to the value parameter only, use the '@param:' annotation target.

See https://youtrack.jetbrains.com/issue/KT-73255 for more details.
w: file:///home/runner/work/JemmaPass/JemmaPass/JemmaPassAndroidDemo/app/src/main/java/be/heyman/android/jemmapassdemo/qr/JemmaProfileJ.kt:334:5 This annotation is currently applied to the value parameter only, but in the future it will also be applied to property.
- To opt in to applying to both value parameter and property, add '-Xannotation-default-target=param-property' to your compiler arguments.
- To keep applying to the value parameter only, use the '@param:' annotation target.

See https://youtrack.jetbrains.com/issue/KT-73255 for more details.
w: file:///home/runner/work/JemmaPass/JemmaPass/JemmaPassAndroidDemo/app/src/main/java/be/heyman/android/jemmapassdemo/qr/JemmaProfileJ.kt:335:5 This annotation is currently applied to the value parameter only, but in the future it will also be applied to property.
- To opt in to applying to both value parameter and property, add '-Xannotation-default-target=param-property' to your compiler arguments.
- To keep applying to the value parameter only, use the '@param:' annotation target.

See https://youtrack.jetbrains.com/issue/KT-73255 for more details.
w: file:///home/runner/work/JemmaPass/JemmaPass/JemmaPassAndroidDemo/app/src/main/java/be/heyman/android/jemmapassdemo/qr/JemmaProfileJ.kt:336:5 This annotation is currently applied to the value parameter only, but in the future it will also be applied to property.
- To opt in to applying to both value parameter and property, add '-Xannotation-default-target=param-property' to your compiler arguments.
- To keep applying to the value parameter only, use the '@param:' annotation target.

See https://youtrack.jetbrains.com/issue/KT-73255 for more details.
w: file:///home/runner/work/JemmaPass/JemmaPass/JemmaPassAndroidDemo/app/src/main/java/be/heyman/android/jemmapassdemo/qr/JemmaProfileJ.kt:338:5 This annotation is currently applied to the value parameter only, but in the future it will also be applied to property.
- To opt in to applying to both value parameter and property, add '-Xannotation-default-target=param-property' to your compiler arguments.
- To keep applying to the value parameter only, use the '@param:' annotation target.

See https://youtrack.jetbrains.com/issue/KT-73255 for more details.
w: file:///home/runner/work/JemmaPass/JemmaPass/JemmaPassAndroidDemo/app/src/main/java/be/heyman/android/jemmapassdemo/qr/JemmaProfileJ.kt:340:5 This annotation is currently applied to the value parameter only, but in the future it will also be applied to property.
- To opt in to applying to both value parameter and property, add '-Xannotation-default-target=param-property' to your compiler arguments.
- To keep applying to the value parameter only, use the '@param:' annotation target.

See https://youtrack.jetbrains.com/issue/KT-73255 for more details.
w: file:///home/runner/work/JemmaPass/JemmaPass/JemmaPassAndroidDemo/app/src/main/java/be/heyman/android/jemmapassdemo/qr/JemmaProfileJ.kt:351:5 This annotation is currently applied to the value parameter only, but in the future it will also be applied to property.
- To opt in to applying to both value parameter and property, add '-Xannotation-default-target=param-property' to your compiler arguments.
- To keep applying to the value parameter only, use the '@param:' annotation target.

See https://youtrack.jetbrains.com/issue/KT-73255 for more details.
w: file:///home/runner/work/JemmaPass/JemmaPass/JemmaPassAndroidDemo/app/src/main/java/be/heyman/android/jemmapassdemo/qr/JemmaProfileJ.kt:352:5 This annotation is currently applied to the value parameter only, but in the future it will also be applied to property.
- To opt in to applying to both value parameter and property, add '-Xannotation-default-target=param-property' to your compiler arguments.
- To keep applying to the value parameter only, use the '@param:' annotation target.

See https://youtrack.jetbrains.com/issue/KT-73255 for more details.
w: file:///home/runner/work/JemmaPass/JemmaPass/JemmaPassAndroidDemo/app/src/main/java/be/heyman/android/jemmapassdemo/qr/JemmaProfileJ.kt:353:5 This annotation is currently applied to the value parameter only, but in the future it will also be applied to property.
- To opt in to applying to both value parameter and property, add '-Xannotation-default-target=param-property' to your compiler arguments.
- To keep applying to the value parameter only, use the '@param:' annotation target.

See https://youtrack.jetbrains.com/issue/KT-73255 for more details.
w: file:///home/runner/work/JemmaPass/JemmaPass/JemmaPassAndroidDemo/app/src/main/java/be/heyman/android/jemmapassdemo/qr/JemmaProfileJ.kt:358:5 This annotation is currently applied to the value parameter only, but in the future it will also be applied to property.
- To opt in to applying to both value parameter and property, add '-Xannotation-default-target=param-property' to your compiler arguments.
- To keep applying to the value parameter only, use the '@param:' annotation target.

See https://youtrack.jetbrains.com/issue/KT-73255 for more details.
w: file:///home/runner/work/JemmaPass/JemmaPass/JemmaPassAndroidDemo/app/src/main/java/be/heyman/android/jemmapassdemo/qr/JemmaProfileJ.kt:360:5 This annotation is currently applied to the value parameter only, but in the future it will also be applied to property.
- To opt in to applying to both value parameter and property, add '-Xannotation-default-target=param-property' to your compiler arguments.
- To keep applying to the value parameter only, use the '@param:' annotation target.

See https://youtrack.jetbrains.com/issue/KT-73255 for more details.
w: file:///home/runner/work/JemmaPass/JemmaPass/JemmaPassAndroidDemo/app/src/main/java/be/heyman/android/jemmapassdemo/qr/JemmaProfileJ.kt:362:5 This annotation is currently applied to the value parameter only, but in the future it will also be applied to property.
- To opt in to applying to both value parameter and property, add '-Xannotation-default-target=param-property' to your compiler arguments.
- To keep applying to the value parameter only, use the '@param:' annotation target.

See https://youtrack.jetbrains.com/issue/KT-73255 for more details.
w: file:///home/runner/work/JemmaPass/JemmaPass/JemmaPassAndroidDemo/app/src/main/java/be/heyman/android/jemmapassdemo/qr/JemmaProfileJ.kt:364:5 This annotation is currently applied to the value parameter only, but in the future it will also be applied to property.
- To opt in to applying to both value parameter and property, add '-Xannotation-default-target=param-property' to your compiler arguments.
- To keep applying to the value parameter only, use the '@param:' annotation target.

See https://youtrack.jetbrains.com/issue/KT-73255 for more details.
w: file:///home/runner/work/JemmaPass/JemmaPass/JemmaPassAndroidDemo/app/src/main/java/be/heyman/android/jemmapassdemo/qr/JemmaProfileJ.kt:367:5 This annotation is currently applied to the value parameter only, but in the future it will also be applied to property.
- To opt in to applying to both value parameter and property, add '-Xannotation-default-target=param-property' to your compiler arguments.
- To keep applying to the value parameter only, use the '@param:' annotation target.

See https://youtrack.jetbrains.com/issue/KT-73255 for more details.
w: file:///home/runner/work/JemmaPass/JemmaPass/JemmaPassAndroidDemo/app/src/main/java/be/heyman/android/jemmapassdemo/qr/JemmaProfileJ.kt:369:5 This annotation is currently applied to the value parameter only, but in the future it will also be applied to property.
- To opt in to applying to both value parameter and property, add '-Xannotation-default-target=param-property' to your compiler arguments.
- To keep applying to the value parameter only, use the '@param:' annotation target.

See https://youtrack.jetbrains.com/issue/KT-73255 for more details.
w: file:///home/runner/work/JemmaPass/JemmaPass/JemmaPassAndroidDemo/app/src/main/java/be/heyman/android/jemmapassdemo/qr/JemmaProfileJ.kt:371:5 This annotation is currently applied to the value parameter only, but in the future it will also be applied to property.
- To opt in to applying to both value parameter and property, add '-Xannotation-default-target=param-property' to your compiler arguments.
- To keep applying to the value parameter only, use the '@param:' annotation target.

See https://youtrack.jetbrains.com/issue/KT-73255 for more details.
w: file:///home/runner/work/JemmaPass/JemmaPass/JemmaPassAndroidDemo/app/src/main/java/be/heyman/android/jemmapassdemo/qr/JemmaProfileJ.kt:373:5 This annotation is currently applied to the value parameter only, but in the future it will also be applied to property.
- To opt in to applying to both value parameter and property, add '-Xannotation-default-target=param-property' to your compiler arguments.
- To keep applying to the value parameter only, use the '@param:' annotation target.

See https://youtrack.jetbrains.com/issue/KT-73255 for more details.
w: file:///home/runner/work/JemmaPass/JemmaPass/JemmaPassAndroidDemo/app/src/main/java/be/heyman/android/jemmapassdemo/qr/JemmaProfileJ.kt:375:5 This annotation is currently applied to the value parameter only, but in the future it will also be applied to property.
- To opt in to applying to both value parameter and property, add '-Xannotation-default-target=param-property' to your compiler arguments.
- To keep applying to the value parameter only, use the '@param:' annotation target.

See https://youtrack.jetbrains.com/issue/KT-73255 for more details.
w: file:///home/runner/work/JemmaPass/JemmaPass/JemmaPassAndroidDemo/app/src/main/java/be/heyman/android/jemmapassdemo/qr/JemmaProfileJ.kt:377:5 This annotation is currently applied to the value parameter only, but in the future it will also be applied to property.
- To opt in to applying to both value parameter and property, add '-Xannotation-default-target=param-property' to your compiler arguments.
- To keep applying to the value parameter only, use the '@param:' annotation target.

See https://youtrack.jetbrains.com/issue/KT-73255 for more details.
w: file:///home/runner/work/JemmaPass/JemmaPass/JemmaPassAndroidDemo/app/src/main/java/be/heyman/android/jemmapassdemo/qr/JemmaProfileJ.kt:379:5 This annotation is currently applied to the value parameter only, but in the future it will also be applied to property.
- To opt in to applying to both value parameter and property, add '-Xannotation-default-target=param-property' to your compiler arguments.
- To keep applying to the value parameter only, use the '@param:' annotation target.

See https://youtrack.jetbrains.com/issue/KT-73255 for more details.
w: file:///home/runner/work/JemmaPass/JemmaPass/JemmaPassAndroidDemo/app/src/main/java/be/heyman/android/jemmapassdemo/qr/JemmaProfileJ.kt:382:5 This annotation is currently applied to the value parameter only, but in the future it will also be applied to property.
- To opt in to applying to both value parameter and property, add '-Xannotation-default-target=param-property' to your compiler arguments.
- To keep applying to the value parameter only, use the '@param:' annotation target.

See https://youtrack.jetbrains.com/issue/KT-73255 for more details.
w: file:///home/runner/work/JemmaPass/JemmaPass/JemmaPassAndroidDemo/app/src/main/java/be/heyman/android/jemmapassdemo/qr/JemmaProfileJ.kt:384:5 This annotation is currently applied to the value parameter only, but in the future it will also be applied to property.
- To opt in to applying to both value parameter and property, add '-Xannotation-default-target=param-property' to your compiler arguments.
- To keep applying to the value parameter only, use the '@param:' annotation target.

See https://youtrack.jetbrains.com/issue/KT-73255 for more details.
w: file:///home/runner/work/JemmaPass/JemmaPass/JemmaPassAndroidDemo/app/src/main/java/be/heyman/android/jemmapassdemo/radar/RadarController.kt:76:5 This annotation is currently applied to the value parameter only, but in the future it will also be applied to field.
- To opt in to applying to both value parameter and field, add '-Xannotation-default-target=param-property' to your compiler arguments.
- To keep applying to the value parameter only, use the '@param:' annotation target.

See https://youtrack.jetbrains.com/issue/KT-73255 for more details.
w: file:///home/runner/work/JemmaPass/JemmaPass/JemmaPassAndroidDemo/app/src/main/java/be/heyman/android/jemmapassdemo/radar/RadarController.kt:721:44 Unnecessary non-null assertion (!!) on a non-null receiver of type 'String'.
w: file:///home/runner/work/JemmaPass/JemmaPass/JemmaPassAndroidDemo/app/src/main/java/be/heyman/android/jemmapassdemo/radar/RadarController.kt:722:46 Unnecessary non-null assertion (!!) on a non-null receiver of type 'String'.
w: file:///home/runner/work/JemmaPass/JemmaPass/JemmaPassAndroidDemo/app/src/main/java/be/heyman/android/jemmapassdemo/sos/JemmaNearbySosService.kt:772:14 'fun setDisruptiveUpgrade(p0: Boolean): AdvertisingOptions.Builder' is deprecated. Deprecated in Java.
w: file:///home/runner/work/JemmaPass/JemmaPass/JemmaPassAndroidDemo/app/src/main/java/be/heyman/android/jemmapassdemo/sos/JemmaSosService.kt:603:30 'static field FLAG_HANDLES_MEDIA_BUTTONS: Int' is deprecated. Deprecated in Java.
w: file:///home/runner/work/JemmaPass/JemmaPass/JemmaPassAndroidDemo/app/src/main/java/be/heyman/android/jemmapassdemo/sos/JemmaSosService.kt:604:30 'static field FLAG_HANDLES_TRANSPORT_CONTROLS: Int' is deprecated. Deprecated in Java.
w: file:///home/runner/work/JemmaPass/JemmaPass/JemmaPassAndroidDemo/app/src/main/java/be/heyman/android/jemmapassdemo/ui/assistant/AssistantMultiPreviewFragment.kt:197:56 Elvis operator (?:) always returns the left operand of non-nullable type 'List<JAllergy>'.
w: file:///home/runner/work/JemmaPass/JemmaPass/JemmaPassAndroidDemo/app/src/main/java/be/heyman/android/jemmapassdemo/ui/assistant/AssistantMultiPreviewFragment.kt:198:51 Elvis operator (?:) always returns the left operand of non-nullable type 'List<JMedication>'.
w: file:///home/runner/work/JemmaPass/JemmaPass/JemmaPassAndroidDemo/app/src/main/java/be/heyman/android/jemmapassdemo/ui/assistant/AssistantMultiPreviewFragment.kt:199:57 Elvis operator (?:) always returns the left operand of non-nullable type 'List<JCondition>'.
w: file:///home/runner/work/JemmaPass/JemmaPass/JemmaPassAndroidDemo/app/src/main/java/be/heyman/android/jemmapassdemo/ui/assistant/AssistantMultiPreviewFragment.kt:661:61 Elvis operator (?:) always returns the left operand of non-nullable type 'List<JMedication>'.
w: file:///home/runner/work/JemmaPass/JemmaPass/JemmaPassAndroidDemo/app/src/main/java/be/heyman/android/jemmapassdemo/ui/permissions/PermissionCard.kt:70:5 This annotation is currently applied to the value parameter only, but in the future it will also be applied to field.
- To opt in to applying to both value parameter and field, add '-Xannotation-default-target=param-property' to your compiler arguments.
- To keep applying to the value parameter only, use the '@param:' annotation target.

See https://youtrack.jetbrains.com/issue/KT-73255 for more details.
w: file:///home/runner/work/JemmaPass/JemmaPass/JemmaPassAndroidDemo/app/src/main/java/be/heyman/android/jemmapassdemo/ui/permissions/PermissionCard.kt:71:5 This annotation is currently applied to the value parameter only, but in the future it will also be applied to field.
- To opt in to applying to both value parameter and field, add '-Xannotation-default-target=param-property' to your compiler arguments.
- To keep applying to the value parameter only, use the '@param:' annotation target.

See https://youtrack.jetbrains.com/issue/KT-73255 for more details.
w: file:///home/runner/work/JemmaPass/JemmaPass/JemmaPassAndroidDemo/app/src/main/java/be/heyman/android/jemmapassdemo/ui/profile/allergies/chat/AllergiesAgentTools.kt:130:5 This annotation is currently applied to the value parameter only, but in the future it will also be applied to field.
- To opt in to applying to both value parameter and field, add '-Xannotation-default-target=param-property' to your compiler arguments.
- To keep applying to the value parameter only, use the '@param:' annotation target.

See https://youtrack.jetbrains.com/issue/KT-73255 for more details.
w: file:///home/runner/work/JemmaPass/JemmaPass/JemmaPassAndroidDemo/app/src/main/java/be/heyman/android/jemmapassdemo/ui/profile/allergies/chat/AllergiesAgentTools.kt:596:55 Unnecessary safe call on a non-null receiver of type 'List<JAllergy>'.
w: file:///home/runner/work/JemmaPass/JemmaPass/JemmaPassAndroidDemo/app/src/main/java/be/heyman/android/jemmapassdemo/ui/profile/allergies/chat/AllergiesAgentTools.kt:597:57 Unnecessary safe call on a non-null receiver of type 'List<JMedication>'.
w: file:///home/runner/work/JemmaPass/JemmaPass/JemmaPassAndroidDemo/app/src/main/java/be/heyman/android/jemmapassdemo/ui/profile/allergies/chat/AllergiesAgentTools.kt:598:56 Unnecessary safe call on a non-null receiver of type 'List<JCondition>'.
w: file:///home/runner/work/JemmaPass/JemmaPass/JemmaPassAndroidDemo/app/src/main/java/be/heyman/android/jemmapassdemo/ui/profile/allergies/chat/BgActionTemplate.kt:27:5 This annotation is currently applied to the value parameter only, but in the future it will also be applied to field.
- To opt in to applying to both value parameter and field, add '-Xannotation-default-target=param-property' to your compiler arguments.
- To keep applying to the value parameter only, use the '@param:' annotation target.

See https://youtrack.jetbrains.com/issue/KT-73255 for more details.
w: file:///home/runner/work/JemmaPass/JemmaPass/JemmaPassAndroidDemo/app/src/main/java/be/heyman/android/jemmapassdemo/ui/profile/common/FormA11yHelpers.kt:129:20 'static fun setAccessibilityLiveRegion(p0: View, p1: Int): Unit' is deprecated. Deprecated in Java.
w: file:///home/runner/work/JemmaPass/JemmaPass/JemmaPassAndroidDemo/app/src/main/java/be/heyman/android/jemmapassdemo/ui/profiles/detail/ProfileDetailFragment.kt:1703:47 Redundant call of conversion method.
w: file:///home/runner/work/JemmaPass/JemmaPass/JemmaPassAndroidDemo/app/src/main/java/be/heyman/android/jemmapassdemo/ui/radar/RadarOverlayView.kt:298:91 Redundant call of conversion method.
w: file:///home/runner/work/JemmaPass/JemmaPass/JemmaPassAndroidDemo/app/src/main/java/be/heyman/android/jemmapassdemo/ui/radar/RadarOverlayView.kt:453:68 'field scaledDensity: Float' is deprecated. Deprecated in Java.
w: file:///home/runner/work/JemmaPass/JemmaPass/JemmaPassAndroidDemo/app/src/main/java/be/heyman/android/jemmapassdemo/ui/settings/SettingsViewModel.kt:46:5 This annotation is currently applied to the value parameter only, but in the future it will also be applied to field.
- To opt in to applying to both value parameter and field, add '-Xannotation-default-target=param-property' to your compiler arguments.
- To keep applying to the value parameter only, use the '@param:' annotation target.

See https://youtrack.jetbrains.com/issue/KT-73255 for more details.
w: file:///home/runner/work/JemmaPass/JemmaPass/JemmaPassAndroidDemo/app/src/main/java/be/heyman/android/jemmapassdemo/ui/stubs/PillarStubFragment.kt:170:67 Check for instance is always 'true'.
w: file:///home/runner/work/JemmaPass/JemmaPass/JemmaPassAndroidDemo/app/src/main/java/com/google/ai/edge/gallery/data/Categories.kt:33:3 This annotation is currently applied to the value parameter only, but in the future it will also be applied to field.
- To opt in to applying to both value parameter and field, add '-Xannotation-default-target=param-property' to your compiler arguments.
- To keep applying to the value parameter only, use the '@param:' annotation target.

See https://youtrack.jetbrains.com/issue/KT-73255 for more details.
w: file:///home/runner/work/JemmaPass/JemmaPass/JemmaPassAndroidDemo/app/src/main/java/com/google/ai/edge/gallery/data/Config.kt:168:3 This annotation is currently applied to the value parameter only, but in the future it will also be applied to field.
- To opt in to applying to both value parameter and field, add '-Xannotation-default-target=param-property' to your compiler arguments.
- To keep applying to the value parameter only, use the '@param:' annotation target.

See https://youtrack.jetbrains.com/issue/KT-73255 for more details.
w: file:///home/runner/work/JemmaPass/JemmaPass/JemmaPassAndroidDemo/app/src/main/java/com/google/ai/edge/gallery/data/Consts.kt:75:23 Elvis operator (?:) always returns the left operand of non-nullable type 'String'.
w: file:///home/runner/work/JemmaPass/JemmaPass/JemmaPassAndroidDemo/app/src/main/java/com/google/ai/edge/gallery/data/Tasks.kt:120:3 This annotation is currently applied to the value parameter only, but in the future it will also be applied to field.
- To opt in to applying to both value parameter and field, add '-Xannotation-default-target=param-property' to your compiler arguments.
- To keep applying to the value parameter only, use the '@param:' annotation target.

See https://youtrack.jetbrains.com/issue/KT-73255 for more details.
w: file:///home/runner/work/JemmaPass/JemmaPass/JemmaPassAndroidDemo/app/src/main/java/com/google/ai/edge/gallery/data/Tasks.kt:123:3 This annotation is currently applied to the value parameter only, but in the future it will also be applied to field.
- To opt in to applying to both value parameter and field, add '-Xannotation-default-target=param-property' to your compiler arguments.
- To keep applying to the value parameter only, use the '@param:' annotation target.

See https://youtrack.jetbrains.com/issue/KT-73255 for more details.

> Task :app:compileDebugJavaWithJavac
> Task :app:hiltAggregateDepsDebug

> Task :app:hiltJavaCompileDebug
warning: Kapt support in Moshi Kotlin Code Gen is deprecated and will be removed in 2.0. Please migrate to KSP. https://github.com/square/moshi#codegen
1 warning

> Task :app:processDebugJavaRes
> Task :app:bundleDebugClassesToCompileJar
> Task :app:transformDebugClassesWithAsm
> Task :app:bundleDebugClassesToRuntimeJar
> Task :app:mergeDebugJavaResource
> Task :app:kspDebugUnitTestKotlin
> Task :app:dexBuilderDebug
> Task :app:mergeProjectDexDebug
> Task :app:packageDebug
> Task :app:createDebugApkListingFileRedirect
> Task :app:assembleDebug
> Task :app:compileDebugUnitTestKotlin
> Task :app:compileDebugUnitTestJavaWithJavac NO-SOURCE
> Task :app:hiltAggregateDepsDebugUnitTest
> Task :app:hiltJavaCompileDebugUnitTest NO-SOURCE
> Task :app:processDebugUnitTestJavaRes
> Task :app:transformDebugUnitTestClassesWithAsm
> Task :app:testDebugUnitTest
gradle/actions: Writing build results to /home/runner/work/_temp/.gradle-actions/build-results/gradle-1791058564633.json

[Incubating] Problems report is available at: file:///home/runner/work/JemmaPass/JemmaPass/JemmaPassAndroidDemo/build/reports/problems/problems-report.html

BUILD SUCCESSFUL in 6m 3s
55 actionable tasks: 55 executed
