name                           
-------------------------------
allergy_cross_reactivity       
atc_alternatives               
atc_combinations_index         
atc_family_stats               
atc_hierarchy                  
build_metadata                 
combo_drug_resolutions         
concept_definitions            
concept_relations              
ddi_alternatives               
ddi_atc_pairs                  
ddi_facts                      
ddi_mechanism_flags            
ddinter_drugs                  
dosages                        
drug_attributes                
drug_disease_interactions      
drug_names_cjk                 
drug_names_cjk_config          
drug_names_cjk_content         
drug_names_cjk_data            
drug_names_cjk_docsize         
drug_names_cjk_idx             
drug_names_meta                
drug_names_multilingual        
drug_names_multilingual_config 
drug_names_multilingual_content
drug_names_multilingual_data   
drug_names_multilingual_docsize
drug_names_multilingual_idx    
interactions_food              
ips_concept_maps               
ips_field_rules                
ips_valuesets                  
ips_valuesets_translations     
kb_sources                     
rxnorm_concepts                
rxnorm_relations               
rxnorm_semantic_types          
semantic_types                 
sqlite_sequence                
sqlite_stat1                   
substance_unii_bridge          
terminology_cjk                
terminology_cjk_config         
terminology_cjk_content        
terminology_cjk_data           
terminology_cjk_docsize        
terminology_cjk_idx            
terminology_codes              
terminology_latin              
terminology_latin_config       
terminology_latin_content      
terminology_latin_data         
terminology_latin_docsize      
terminology_latin_idx          
therapeutic_duplications       
who_aware_2024                 
who_eml_2023                   
word_index                     
