pharma-01-loxoprofen-atc-oral.html: 200 12648 https://atcddd.fhi.no/atc_ddd_index/?code=M01AE19
pharma-02-loxoprofen-atc-topical.html: 200 11219 https://atcddd.fhi.no/atc_ddd_index/?code=M02AA31
pharma-03-fenoprofen-atc.html: 200 12653 https://atcddd.fhi.no/atc_ddd_index/?code=M01AE04
pharma-04-edoxaban-atc.html: 200 10593 https://atcddd.fhi.no/atc_ddd_index/?code=B01AF03
pharma-05-kegg-loxoprofen-d01709.html: 200 6377 https://rest.kegg.jp/get/D01709
pharma-06-brand-lixiana.html: 200 3879 https://rest.kegg.jp/get/D09567
pharma-07-hot-yj-codes.html: 404 196 https://www.medis.or.jp/2_kaihatu/kizyun/kizyun.html
japon-legal-01-my-number-act.html: 200 800 https://laws.e-gov.go.jp/document?lawid=425AC0000000027
japon-legal-02-pmda-samd.html: 200 56859 https://www.pmda.go.jp/english/review-services/regulatory-info/0002.html
japon-legal-03-jp-core-url.html: 200 16327 https://j-core.org/
japon-legal-04-jahis-standard.html: 200 16221 https://www.jahis.jp/standard/
japon-legal-05-statcounter-ios-japan.html: 200 88053 https://gs.statcounter.com/os-market-share/mobile/japan
apple-01-multipeer-interoperability.html: 200 18429 https://developer.apple.com/documentation/multipeerconnectivity
apple-02-uigraphics-pdf-renderer.html: 200 18414 https://developer.apple.com/documentation/uikit/uigraphicspdfrenderer
apple-03-healthkit-clinical-records.html: 404 15639 https://developer.apple.com/documentation/healthkit/accessing_health_records
apple-04-widgetkit-lock-screen.html: 200 18315 https://developer.apple.com/documentation/widgetkit
apple-05-corebluetooth-background.html: 200 18302 https://developer.apple.com/documentation/corebluetooth
tech-01-sqlite-fts5-trigram.html: 200 210915 https://www.sqlite.org/fts5.html
tech-02-litert-ios.html: 302 484 https://accounts.google.com/o/oauth2/v2/auth?client_id=157101835696-ooapojlodmuabs2do2vuhhnf90bccmoi.apps.googleusercontent.com&redirect_uri=https%3A%2F%2Fai.google.dev%2Foauth2callback&scope=https%3A%2F%2Fwww.googleapis.com%2Fauth%2Fdeveloperprofiles+https%3A%2F%2Fwww.googleapis.com%2Fauth%2Fdeveloperprofiles.award+https%3A%2F%2Fwww.googleapis.com%2Fauth%2Fdevprofiles.full_control.firstparty+https%3A%2F%2Fwww.googleapis.com%2Fauth%2Fuserinfo.profile+https%3A%2F%2Fwww.googleapis.com%2Fauth%2Fgoogledevelopers+openid+https%3A%2F%2Fwww.googleapis.com%2Fauth%2Fuserinfo.email&access_type=online&response_type=code&state=%7B%22csrf_token%22%3A+%22df7e4f9c85b1e3f54740a4f4936363a6b4b2bbf61199491aae20fdc945d720f7%22%2C+%22return_url%22%3A+%22https%3A%2F%2Fai.google.dev%2Fedge%2Flitert%22%7D&prompt=none
tech-03-iso-27269-ips.html: 403 5694 https://www.iso.org/standard/79491.html
